// Jest Snapshot v1, https://goo.gl/fbAQLP

exports[`SettingsLayout renders 1`] = `
<Fragment>
  <SettingsColumn>
    <SettingsHeader>
      <Flex
        alignItems="center"
      >
        <Box
          flex="1"
        >
          <ConnectedSettingsBreadcrumb
            route={Object {}}
            routes={Array []}
          />
        </Box>
        <StyledSettingsSearch
          routes={Array []}
        />
      </Flex>
    </SettingsHeader>
    <MaxWidthContainer>
      <Content />
    </MaxWidthContainer>
  </SettingsColumn>
</Fragment>
`;
